#0 building with "desktop-linux" instance using docker driver

#1 [backend internal] load build definition from Dockerfile
#1 transferring dockerfile: 416B done
#1 DONE 0.0s

#2 [backend internal] load metadata for docker.io/library/python:3.11-slim
#2 DONE 0.3s

#3 [backend internal] load .dockerignore
#3 transferring context: 2B done
#3 DONE 0.0s

#4 [backend 1/6] FROM docker.io/library/python:3.11-slim@sha256:233de06753d30d120b1a3ce359d8d3be8bda78524cd8f520c99883bfe33964cf
#4 resolve docker.io/library/python:3.11-slim@sha256:233de06753d30d120b1a3ce359d8d3be8bda78524cd8f520c99883bfe33964cf 0.0s done
#4 DONE 0.0s

#5 [backend internal] load build context
#5 transferring context: 453.95kB 0.2s done
#5 DONE 0.3s

#6 [backend 2/6] WORKDIR /app
#6 CACHED

#7 [backend 3/6] RUN apt-get update && apt-get install -y --no-install-recommends     ffmpeg     curl     && rm -rf /var/lib/apt/lists/*
#7 CACHED

#8 [backend 4/6] COPY requirements.txt .
#8 CACHED

#9 [backend 5/6] RUN pip install --no-cache-dir -r requirements.txt
#9 CACHED

#10 [backend 6/6] COPY . .
#10 DONE 1.4s

#11 [backend] exporting to image
#11 exporting layers
#11 exporting layers 2.3s done
#11 exporting manifest sha256:cbdb29044a63b3077eac1175e9b95486706fdb5e2569555426d65b30d19fb440 0.0s done
#11 exporting config sha256:e03e5329f050a5017b0f4aa9a5972dfc5ed5ea79c581e294bbda7c5fadbb5e08 0.0s done
#11 exporting attestation manifest sha256:63e5620b972d0f10b68b7d131bd8cadceea0a28c226bdef908bc96e1fa12e319 0.0s done
#11 exporting manifest list sha256:57746a52aa5b5f73e98e2fff296b123b07eccb5b5f52747f7407d13e58907504 0.0s done
#11 naming to docker.io/library/poetry-recommender-backend:latest done
#11 unpacking to docker.io/library/poetry-recommender-backend:latest
#11 unpacking to docker.io/library/poetry-recommender-backend:latest 0.6s done
#11 DONE 3.1s

#12 [backend] resolving provenance for metadata file
#12 DONE 0.0s

#13 [bot internal] load build definition from bot.Dockerfile
#13 transferring dockerfile: 382B done
#13 DONE 0.0s

#2 [bot internal] load metadata for docker.io/library/python:3.11-slim
#2 DONE 0.7s

#14 [bot internal] load .dockerignore
#14 transferring context: 2B done
#14 DONE 0.0s

#4 [bot 1/6] FROM docker.io/library/python:3.11-slim@sha256:233de06753d30d120b1a3ce359d8d3be8bda78524cd8f520c99883bfe33964cf
#4 resolve docker.io/library/python:3.11-slim@sha256:233de06753d30d120b1a3ce359d8d3be8bda78524cd8f520c99883bfe33964cf 0.0s done
#4 DONE 0.1s

#15 [bot internal] load build context
#15 transferring context: 457.74kB 0.2s done
#15 DONE 0.3s

#6 [bot 2/6] WORKDIR /app
#6 CACHED

#7 [bot 3/6] RUN apt-get update && apt-get install -y --no-install-recommends     ffmpeg     curl     && rm -rf /var/lib/apt/lists/*
#7 CACHED

#16 [bot 4/6] COPY requirements.txt .
#16 CACHED

#17 [bot 5/6] RUN pip install --no-cache-dir -r requirements.txt
#17 CACHED

#18 [bot 6/6] COPY . .
#18 DONE 1.9s

#19 [bot] exporting to image
#19 exporting layers 2.4s done
#19 exporting manifest sha256:56ad8684246f71db77a02c7bf7238253a165e4eebcec2bf79d97b88d62ed4547 0.0s done
#19 exporting config sha256:e4a533e3eb6780936d9267f78fe7b50590996e20fb382a78c4afcbfafd88b979 0.0s done
#19 exporting attestation manifest sha256:123667b7bb3bd4788f8df2562aca30507290fdb539b4d39f26703e09b959d12e 0.0s done
#19 exporting manifest list sha256:b7965e47fad185512629c047574d9a40015e0afc9c726f2b7c26208625d6210f 0.0s done
#19 naming to docker.io/library/poetry-recommender-bot:latest done
#19 unpacking to docker.io/library/poetry-recommender-bot:latest
#19 unpacking to docker.io/library/poetry-recommender-bot:latest 0.6s done
#19 DONE 3.1s

#20 [bot] resolving provenance for metadata file
#20 DONE 0.0s
docker-compose :  backend  Built
строка:1 знак:1
+ docker-compose build > build_output.txt 2>&1 ; Get-Content build_outp ...
+ ~~~~~~~~~~~~~~~~~~~~~~~~~~~~~~~~~~~~~~~~~~~~
    + CategoryInfo          : NotSpecified: ( backend  Built:String) [], Remote
Exception
    + FullyQualifiedErrorId : NativeCommandError
 
 bot  Built
